[debug] [2026-08-06T16:46:05.215Z] ----------------------------------------------------------------------
[debug] [2026-08-06T16:46:05.216Z] Command:       C:\Users\LG GRAM\AppData\Local\Volta\tools\image\node\22.16.0\node.exe C:\Users\LG GRAM\Downloads\noore-jewels\anti-tarnish-jewels-latest-antigravity\node_modules\firebase-tools\lib\bin\firebase.js emulators:start --project demo-noore-jewels
[debug] [2026-08-06T16:46:05.217Z] CLI Version:   11.14.0
[debug] [2026-08-06T16:46:05.217Z] Platform:      win32
[debug] [2026-08-06T16:46:05.217Z] Node Version:  v22.16.0
[debug] [2026-08-06T16:46:05.217Z] Time:          Thu Aug 06 2026 20:46:05 GMT+0400 (Gulf Standard Time)
[debug] [2026-08-06T16:46:05.217Z] ----------------------------------------------------------------------
[debug] 
[debug] [2026-08-06T16:46:05.296Z] > command requires scopes: ["email","openid","https://www.googleapis.com/auth/cloudplatformprojects.readonly","https://www.googleapis.com/auth/firebase","https://www.googleapis.com/auth/cloud-platform"]
[debug] [2026-08-06T16:46:05.296Z] > authorizing via signed-in user (mohammedbinkhald6690@gmail.com)
[debug] [2026-08-06T16:46:05.384Z] java version "1.8.0_401"
Java(TM) SE Runtime Environment (build 1.8.0_401-b10)

[debug] [2026-08-06T16:46:05.384Z] Java HotSpot(TM) 64-Bit Server VM (build 25.401-b10, mixed mode)

[debug] [2026-08-06T16:46:05.391Z] Parsed Java major version: 1
[info] i  emulators: Starting emulators: auth, firestore {"metadata":{"emulator":{"name":"hub"},"message":"Starting emulators: auth, firestore"}}
[info] i  emulators: Detected demo project ID "demo-noore-jewels", emulated services will use a demo configuration and attempts to access non-emulated services for this project will fail. {"metadata":{"emulator":{"name":"hub"},"message":"Detected demo project ID \"demo-noore-jewels\", emulated services will use a demo configuration and attempts to access non-emulated services for this project will fail."}}
[debug] [2026-08-06T16:46:05.402Z] [hub] writing locator at C:\Users\LGGRAM~1\AppData\Local\Temp\hub-demo-noore-jewels.json
[debug] [2026-08-06T16:46:05.423Z] Ignoring unsupported arg: auto_download {"metadata":{"emulator":{"name":"firestore"},"message":"Ignoring unsupported arg: auto_download"}}
[debug] [2026-08-06T16:46:05.424Z] Ignoring unsupported arg: single_project_mode {"metadata":{"emulator":{"name":"firestore"},"message":"Ignoring unsupported arg: single_project_mode"}}
[debug] [2026-08-06T16:46:05.424Z] Ignoring unsupported arg: single_project_mode_error {"metadata":{"emulator":{"name":"firestore"},"message":"Ignoring unsupported arg: single_project_mode_error"}}
[debug] [2026-08-06T16:46:05.424Z] Starting Firestore Emulator with command {"binary":"java","args":["-Dgoogle.cloud_firestore.debug_log_level=FINE","-Duser.language=en","-jar","C:\\Users\\LG GRAM\\.cache\\firebase\\emulators\\cloud-firestore-emulator-v1.15.1.jar","--host","localhost","--port",8080,"--project_id","demo-noore-jewels","--rules","C:\\Users\\LG GRAM\\Downloads\\noore-jewels\\anti-tarnish-jewels-latest-antigravity\\firestore.rules"],"optionalArgs":["port","webchannel_port","host","rules","functions_emulator","seed_from_export","project_id"],"joinArgs":false} {"metadata":{"emulator":{"name":"firestore"},"message":"Starting Firestore Emulator with command {\"binary\":\"java\",\"args\":[\"-Dgoogle.cloud_firestore.debug_log_level=FINE\",\"-Duser.language=en\",\"-jar\",\"C:\\\\Users\\\\LG GRAM\\\\.cache\\\\firebase\\\\emulators\\\\cloud-firestore-emulator-v1.15.1.jar\",\"--host\",\"localhost\",\"--port\",8080,\"--project_id\",\"demo-noore-jewels\",\"--rules\",\"C:\\\\Users\\\\LG GRAM\\\\Downloads\\\\noore-jewels\\\\anti-tarnish-jewels-latest-antigravity\\\\firestore.rules\"],\"optionalArgs\":[\"port\",\"webchannel_port\",\"host\",\"rules\",\"functions_emulator\",\"seed_from_export\",\"project_id\"],\"joinArgs\":false}"}}
[info] i  firestore: Firestore Emulator logging to firestore-debug.log {"metadata":{"emulator":{"name":"firestore"},"message":"Firestore Emulator logging to \u001b[1mfirestore-debug.log\u001b[22m"}}
[debug] [2026-08-06T16:46:07.252Z] Aug 06, 2026 8:46:07 PM com.google.cloud.datastore.emulator.firestore.websocket.WebSocketServer start
INFO: Started WebSocket server on ws://localhost:61758
 {"metadata":{"emulator":{"name":"firestore"},"message":"Aug 06, 2026 8:46:07 PM com.google.cloud.datastore.emulator.firestore.websocket.WebSocketServer start\r\nINFO: Started WebSocket server on ws://localhost:61758\r\n"}}
[debug] [2026-08-06T16:46:07.285Z] API endpoint: http://localhost:8080
 {"metadata":{"emulator":{"name":"firestore"},"message":"API endpoint: http://localhost:8080\n"}}
[debug] [2026-08-06T16:46:07.285Z] If you are using a library that supports the FIRESTORE_EMULATOR_HOST environment variable, run:

   export FIRESTORE_EMULATOR_HOST=localhost:8080

Dev App Server is now running.

 {"metadata":{"emulator":{"name":"firestore"},"message":"If you are using a library that supports the FIRESTORE_EMULATOR_HOST environment variable, run:\r\n\n   export FIRESTORE_EMULATOR_HOST=localhost:8080\n\nDev App Server is now running.\n\r\n"}}
[info] +  firestore: Firestore Emulator UI websocket is running on 9150. {"metadata":{"emulator":{"name":"firestore"},"message":"Firestore Emulator UI websocket is running on 9150."}}
[info] i  ui: downloading ui-v1.10.0.zip... {"metadata":{"emulator":{"name":"ui"},"message":"downloading ui-v1.10.0.zip..."}}
[debug] [2026-08-06T16:46:15.285Z] >>> [apiv2][query] GET https://storage.googleapis.com/firebase-preview-drop/emulator/ui-v1.10.0.zip 
[debug] [2026-08-06T16:46:15.833Z] <<< [apiv2][status] GET https://storage.googleapis.com/firebase-preview-drop/emulator/ui-v1.10.0.zip 200
[debug] [2026-08-06T16:46:15.833Z] <<< [apiv2][body] GET https://storage.googleapis.com/firebase-preview-drop/emulator/ui-v1.10.0.zip [stream]
[info] i  ui: Removing outdated emulator files: ui-v1.11.1 {"metadata":{"emulator":{"name":"ui"},"message":"Removing outdated emulator files: ui-v1.11.1"}}
[info] i  ui: Removing outdated emulator files: ui-v1.11.1.zip {"metadata":{"emulator":{"name":"ui"},"message":"Removing outdated emulator files: ui-v1.11.1.zip"}}
[debug] [2026-08-06T16:46:17.895Z] Ignoring unsupported arg: auto_download {"metadata":{"emulator":{"name":"ui"},"message":"Ignoring unsupported arg: auto_download"}}
[debug] [2026-08-06T16:46:17.895Z] Ignoring unsupported arg: port {"metadata":{"emulator":{"name":"ui"},"message":"Ignoring unsupported arg: port"}}
[debug] [2026-08-06T16:46:17.896Z] Starting Emulator UI with command {"binary":"node","args":["C:\\Users\\LG GRAM\\.cache\\firebase\\emulators\\ui-v1.10.0\\server\\server.js"],"optionalArgs":[],"joinArgs":false} {"metadata":{"emulator":{"name":"ui"},"message":"Starting Emulator UI with command {\"binary\":\"node\",\"args\":[\"C:\\\\Users\\\\LG GRAM\\\\.cache\\\\firebase\\\\emulators\\\\ui-v1.10.0\\\\server\\\\server.js\"],\"optionalArgs\":[],\"joinArgs\":false}"}}
[info] i  ui: Emulator UI logging to ui-debug.log {"metadata":{"emulator":{"name":"ui"},"message":"Emulator UI logging to \u001b[1mui-debug.log\u001b[22m"}}
[debug] [2026-08-06T16:46:18.348Z] Web / API server started at localhost:4000
 {"metadata":{"emulator":{"name":"ui"},"message":"Web / API server started at localhost:4000\n"}}
[info] 
┌─────────────────────────────────────────────────────────────┐
│ ✔  All emulators ready! It is now safe to connect your app. │
│ i  View Emulator UI at http://localhost:4000                │
└─────────────────────────────────────────────────────────────┘

┌────────────────┬────────────────┬─────────────────────────────────┐
│ Emulator       │ Host:Port      │ View in Emulator UI             │
├────────────────┼────────────────┼─────────────────────────────────┤
│ Authentication │ localhost:9099 │ http://localhost:4000/auth      │
├────────────────┼────────────────┼─────────────────────────────────┤
│ Firestore      │ localhost:8080 │ http://localhost:4000/firestore │
└────────────────┴────────────────┴─────────────────────────────────┘
  Emulator Hub running at localhost:4400
  Other reserved ports: 4500

Issues? Report them at https://github.com/firebase/firebase-tools/issues and attach the *-debug.log files.
 
[debug] [2026-08-06T18:57:43.941Z] Aug 06, 2026 10:57:43 PM io.gapi.emulators.netty.HttpVersionRoutingHandler channelRead
INFO: Detected HTTP/2 connection.
 {"metadata":{"emulator":{"name":"firestore"},"message":"Aug 06, 2026 10:57:43 PM io.gapi.emulators.netty.HttpVersionRoutingHandler channelRead\r\nINFO: Detected HTTP/2 connection.\r\n"}}
[debug] [2026-08-06T19:10:28.066Z] Aug 06, 2026 11:10:28 PM io.gapi.emulators.netty.HttpVersionRoutingHandler channelRead
INFO: Detected HTTP/2 connection.
 {"metadata":{"emulator":{"name":"firestore"},"message":"Aug 06, 2026 11:10:28 PM io.gapi.emulators.netty.HttpVersionRoutingHandler channelRead\r\nINFO: Detected HTTP/2 connection.\r\n"}}
